[shine.creativemox.com/petrolis/template-kit/homepage-2/index.html]
[backblue.gif]
[fade.gif]
[index.html]
[shine.creativemox.com/petrolis/wp-content/plugins/template-kit-export/assets/public/template-kit-export-public982a.css]
[shine.creativemox.com/petrolis/wp-content/themes/hello-elementor/style.min9b70.css]
[shine.creativemox.com/petrolis/wp-content/themes/hello-elementor/theme.min9b70.css]
[shine.creativemox.com/petrolis/wp-content/themes/hello-elementor/header-footer.min9b70.css]
[shine.creativemox.com/petrolis/wp-content/plugins/elementor/assets/css/frontend.min4bf6.css]
[shine.creativemox.com/petrolis/wp-content/uploads/sites/25/elementor/css/post-11bc06.css]
[shine.creativemox.com/petrolis/wp-content/plugins/elementor/assets/css/widget-icon-list.min4bf6.css]
[shine.creativemox.com/petrolis/wp-content/plugins/elementor/assets/lib/animations/styles/e-animation-pop.min4bf6.css]
[shine.creativemox.com/petrolis/wp-content/plugins/elementor/assets/css/widget-social-icons.min4bf6.css]
[shine.creativemox.com/petrolis/wp-content/plugins/elementor/assets/css/conditionals/apple-webkit.min4bf6.css]
[shine.creativemox.com/petrolis/wp-content/plugins/elementor/assets/css/widget-image.min4bf6.css]
[shine.creativemox.com/petrolis/wp-content/plugins/elementor-pro/assets/css/widget-nav-menu.min7ac2.css]
[shine.creativemox.com/petrolis/wp-content/plugins/elementor/assets/css/widget-heading.min4bf6.css]
[shine.creativemox.com/petrolis/wp-content/plugins/elementor-pro/assets/css/widget-form.min7ac2.css]
[shine.creativemox.com/petrolis/wp-content/plugins/elementor/assets/lib/animations/styles/fadeInLeft.min4bf6.css]
[shine.creativemox.com/petrolis/wp-includes/js/mediaelement/mediaelementplayer-legacy.min1f61.css]
[shine.creativemox.com/petrolis/wp-includes/js/mediaelement/wp-mediaelement.mind4d0.css]
[shine.creativemox.com/petrolis/wp-content/plugins/elementor/assets/lib/swiper/v8/css/swiper.min94a4.css]
[shine.creativemox.com/petrolis/wp-content/plugins/elementor/assets/css/conditionals/e-swiper.min4bf6.css]
[shine.creativemox.com/petrolis/wp-content/plugins/elementor/assets/css/widget-icon-box.min4bf6.css]
[shine.creativemox.com/petrolis/wp-content/plugins/elementor/assets/lib/animations/styles/fadeInUp.min4bf6.css]
[shine.creativemox.com/petrolis/wp-content/plugins/elementor/assets/lib/animations/styles/fadeInRight.min4bf6.css]
[shine.creativemox.com/petrolis/wp-content/plugins/elementor/assets/lib/animations/styles/fadeIn.min4bf6.css]
[shine.creativemox.com/petrolis/wp-content/plugins/elementor/assets/css/widget-video.min4bf6.css]
[shine.creativemox.com/petrolis/wp-content/plugins/elementor/assets/css/widget-counter.min4bf6.css]
[shine.creativemox.com/petrolis/wp-content/plugins/elementor/assets/css/widget-rating.min4bf6.css]
[shine.creativemox.com/petrolis/wp-content/plugins/elementor/assets/lib/animations/styles/zoomIn.min4bf6.css]
[shine.creativemox.com/petrolis/wp-content/plugins/elementor-pro/assets/css/widget-flip-box.min7ac2.css]
[shine.creativemox.com/petrolis/wp-content/plugins/elementor/assets/lib/animations/styles/fadeInDown.min4bf6.css]
[shine.creativemox.com/petrolis/wp-content/uploads/sites/25/elementor/css/post-6414bf4.css]
[shine.creativemox.com/petrolis/wp-content/uploads/sites/25/elementor/css/post-24bc06.css]
[shine.creativemox.com/petrolis/wp-content/uploads/sites/25/elementor/css/post-56bc06.css]
[shine.creativemox.com/petrolis/wp-content/plugins/elementskit-lite/widgets/init/assets/css/widget-styles87e3.css]
[shine.creativemox.com/petrolis/wp-content/plugins/elementskit-lite/widgets/init/assets/css/responsive87e3.css]
[shine.creativemox.com/petrolis/wp-content/uploads/sites/25/elementor/google-fonts/css/robotodf82.css]
[shine.creativemox.com/petrolis/wp-content/uploads/sites/25/elementor/google-fonts/css/intere208.css]
[shine.creativemox.com/petrolis/wp-content/uploads/sites/25/elementor/google-fonts/css/kanit1176.css]
[shine.creativemox.com/petrolis/wp-content/uploads/sites/25/elementor/google-fonts/css/dmsans9586.css]
[shine.creativemox.com/petrolis/wp-content/plugins/elementskit-lite/modules/elementskit-icon-pack/assets/css/ekiticons87e3.css]
[shine.creativemox.com/petrolis/wp-content/plugins/skyboot-custom-icons-for-elementor/assets/css/materialdesignicons.minf488.css]
[shine.creativemox.com/petrolis/wp-content/plugins/skyboot-custom-icons-for-elementor/assets/css/simple-line-iconsf488.css]
[shine.creativemox.com/petrolis/wp-includes/js/jquery/jquery.minf43b.js]
[shine.creativemox.com/petrolis/wp-includes/js/jquery/jquery-migrate.min5589.js]
[shine.creativemox.com/petrolis/wp-content/plugins/template-kit-export/assets/public/template-kit-export-public982a.js]
[shine.creativemox.com/petrolis/wp-content/uploads/sites/25/2024/09/map_1.png]
[shine.creativemox.com/petrolis/wp-content/themes/hello-elementor/assets/js/hello-frontend.min9b70.js]
[shine.creativemox.com/petrolis/wp-content/plugins/elementor/assets/js/webpack.runtime.min4bf6.js]
[shine.creativemox.com/petrolis/wp-content/plugins/elementor/assets/js/frontend-modules.min4bf6.js]
[shine.creativemox.com/petrolis/wp-includes/js/jquery/ui/core.minb37e.js]
[shine.creativemox.com/petrolis/wp-content/plugins/elementor/assets/js/frontend.min4bf6.js]
[shine.creativemox.com/petrolis/wp-content/plugins/elementor-pro/assets/lib/smartmenus/jquery.smartmenus.min1576.js]
[shine.creativemox.com/petrolis/wp-includes/js/mediaelement/mediaelement-and-player.min1f61.js]
[shine.creativemox.com/petrolis/wp-includes/js/mediaelement/mediaelement-migrate.mind4d0.js]
[shine.creativemox.com/petrolis/wp-includes/js/mediaelement/wp-mediaelement.mind4d0.js]
[shine.creativemox.com/petrolis/wp-content/plugins/elementor/assets/lib/swiper/v8/swiper.min94a4.js]
[shine.creativemox.com/petrolis/wp-content/plugins/elementor/assets/lib/jquery-numerator/jquery-numerator.min3958.js]
[shine.creativemox.com/petrolis/wp-content/plugins/elementskit-lite/libs/framework/assets/js/frontend-script87e3.js]
[shine.creativemox.com/petrolis/wp-content/plugins/elementskit-lite/widgets/init/assets/js/widget-scripts87e3.js]
[shine.creativemox.com/petrolis/wp-content/plugins/wp-smushit/app/assets/js/smush-lazy-load.mindcff.js]
[shine.creativemox.com/petrolis/wp-content/plugins/elementor-pro/assets/js/webpack-pro.runtime.min7ac2.js]
[shine.creativemox.com/petrolis/wp-includes/js/dist/hooks.minaf5f.js]
[shine.creativemox.com/petrolis/wp-includes/js/dist/i18n.min1cde.js]
[shine.creativemox.com/petrolis/wp-content/plugins/elementor-pro/assets/js/frontend.min7ac2.js]
[shine.creativemox.com/petrolis/wp-content/plugins/elementor-pro/assets/js/elements-handlers.min7ac2.js]
[shine.creativemox.com/petrolis/wp-content/plugins/elementskit-lite/widgets/init/assets/js/animate-circle.min87e3.js]
[shine.creativemox.com/petrolis/template-kit/homepage-2/index.html]
[shine.creativemox.com/petrolis/wp-content/plugins/template-kit-export/assets/public/template-kit-export-public982a.css]
[shine.creativemox.com/petrolis/wp-content/themes/hello-elementor/style.min9b70.css]
[shine.creativemox.com/petrolis/wp-content/themes/hello-elementor/theme.min9b70.css]
[shine.creativemox.com/petrolis/wp-content/themes/hello-elementor/header-footer.min9b70.css]
[shine.creativemox.com/petrolis/wp-content/plugins/elementor/assets/css/frontend.min4bf6.css]
[shine.creativemox.com/petrolis/wp-content/uploads/sites/25/elementor/css/post-11bc06.css]
[shine.creativemox.com/petrolis/wp-content/plugins/elementor/assets/css/widget-icon-list.min4bf6.css]
[shine.creativemox.com/petrolis/wp-content/plugins/elementor/assets/lib/animations/styles/e-animation-pop.min4bf6.css]
[shine.creativemox.com/petrolis/wp-content/plugins/elementor/assets/css/widget-social-icons.min4bf6.css]
[shine.creativemox.com/petrolis/wp-content/plugins/elementor/assets/css/conditionals/apple-webkit.min4bf6.css]
[shine.creativemox.com/petrolis/wp-content/plugins/elementor/assets/css/widget-image.min4bf6.css]
[shine.creativemox.com/petrolis/wp-content/plugins/elementor-pro/assets/css/widget-nav-menu.min7ac2.css]
[shine.creativemox.com/petrolis/wp-content/plugins/elementor/assets/css/widget-heading.min4bf6.css]
[shine.creativemox.com/petrolis/wp-content/plugins/elementor-pro/assets/css/widget-form.min7ac2.css]
[shine.creativemox.com/petrolis/wp-content/plugins/elementor/assets/lib/animations/styles/fadeInLeft.min4bf6.css]
[shine.creativemox.com/petrolis/wp-content/plugins/elementskit-lite/widgets/init/assets/js/elementor87e3.js]
[shine.creativemox.com/petrolis/wp-includes/js/mediaelement/mediaelementplayer-legacy.min1f61.css]
[shine.creativemox.com/petrolis/wp-includes/js/mediaelement/wp-mediaelement.mind4d0.css]
[shine.creativemox.com/petrolis/wp-content/plugins/elementor/assets/lib/swiper/v8/css/swiper.min94a4.css]
[shine.creativemox.com/petrolis/wp-content/plugins/elementor/assets/css/conditionals/e-swiper.min4bf6.css]
[shine.creativemox.com/petrolis/wp-content/plugins/elementor/assets/css/widget-icon-box.min4bf6.css]
[shine.creativemox.com/petrolis/wp-content/plugins/elementor/assets/lib/animations/styles/fadeInUp.min4bf6.css]
[shine.creativemox.com/petrolis/wp-content/plugins/elementor/assets/lib/animations/styles/fadeInRight.min4bf6.css]
[shine.creativemox.com/petrolis/wp-content/plugins/elementor/assets/lib/animations/styles/fadeIn.min4bf6.css]
[shine.creativemox.com/petrolis/wp-content/plugins/elementor/assets/css/widget-video.min4bf6.css]
[shine.creativemox.com/petrolis/wp-content/plugins/elementor/assets/css/widget-counter.min4bf6.css]
[shine.creativemox.com/petrolis/wp-content/plugins/elementor/assets/css/widget-rating.min4bf6.css]
[shine.creativemox.com/petrolis/wp-content/plugins/elementor/assets/lib/animations/styles/zoomIn.min4bf6.css]
[shine.creativemox.com/petrolis/wp-content/plugins/elementor-pro/assets/css/widget-flip-box.min7ac2.css]
[shine.creativemox.com/petrolis/wp-content/plugins/elementor/assets/lib/animations/styles/fadeInDown.min4bf6.css]
[shine.creativemox.com/petrolis/wp-includes/js/mediaelement/mejs-controls.svg]
[shine.creativemox.com/petrolis/wp-content/uploads/sites/25/2024/09/aerial-view-oil-terminal-industrial-facility-storage-tank-oil-and-petrochemical-products-.jpg]
[shine.creativemox.com/petrolis/wp-content/uploads/sites/25/2024/09/bg_1.png]
[shine.creativemox.com/petrolis/wp-content/uploads/sites/25/2024/09/bg_2.png]
[shine.creativemox.com/petrolis/wp-content/uploads/sites/25/2024/09/locomotive-engineers-trading-carbon-credits-on-platform-for-responsible-railway-emission-reduction.jpg]
[shine.creativemox.com/petrolis/wp-content/uploads/sites/25/2024/09/industrial-plant-at-night.jpg]
[shine.creativemox.com/petrolis/wp-content/uploads/sites/25/elementor/css/post-6414bf4.css]
[shine.creativemox.com/petrolis/wp-content/uploads/sites/25/elementor/css/post-24bc06.css]
[shine.creativemox.com/petrolis/wp-content/uploads/sites/25/elementor/css/post-56bc06.css]
[shine.creativemox.com/petrolis/wp-content/plugins/elementskit-lite/widgets/init/assets/img/arrow.png]
[shine.creativemox.com/petrolis/wp-content/plugins/elementskit-lite/widgets/init/assets/img/sort_asc.png]
[shine.creativemox.com/petrolis/wp-content/plugins/elementskit-lite/widgets/init/assets/img/sort_desc.png]
[shine.creativemox.com/petrolis/wp-content/plugins/elementskit-lite/widgets/init/assets/img/sort_asc_disabled.png]
[shine.creativemox.com/petrolis/wp-content/plugins/elementskit-lite/widgets/init/assets/css/widget-styles87e3.css]
[shine.creativemox.com/petrolis/wp-content/plugins/elementskit-lite/widgets/init/assets/css/responsive87e3.css]
[shine.creativemox.com/petrolis/wp-content/uploads/sites/25/elementor/google-fonts/css/robotodf82.css]
[shine.creativemox.com/petrolis/wp-content/uploads/sites/25/elementor/google-fonts/css/intere208.css]
[shine.creativemox.com/petrolis/wp-content/uploads/sites/25/elementor/google-fonts/css/kanit1176.css]
[shine.creativemox.com/petrolis/wp-content/uploads/sites/25/elementor/google-fonts/css/dmsans9586.css]
[shine.creativemox.com/petrolis/wp-content/plugins/elementskit-lite/modules/elementskit-icon-pack/assets/css/ekiticons87e3.css]
[shine.creativemox.com/petrolis/wp-content/plugins/skyboot-custom-icons-for-elementor/assets/css/materialdesignicons.minf488.css]
[shine.creativemox.com/petrolis/wp-content/plugins/skyboot-custom-icons-for-elementor/assets/css/simple-line-iconsf488.css]
[shine.creativemox.com/petrolis/wp-includes/js/mediaelement/mejs-controls.svg]
